// Jest Snapshot v1, https://goo.gl/fbAQLP

exports[`MyComponent should render correctly in "debug" mode 1`] = `
ShallowWrapper {
  Symbol(enzyme.__root__): [Circular],
  Symbol(enzyme.__unrendered__): <Home
    debug={true}
  />,
  Symbol(enzyme.__renderer__): Object {
    "batchedUpdates": [Function],
    "getNode": [Function],
    "render": [Function],
    "simulateError": [Function],
    "simulateEvent": [Function],
    "unmount": [Function],
  },
  Symbol(enzyme.__node__): Object {
    "instance": null,
    "key": undefined,
    "nodeType": "host",
    "props": Object {
      "children": Array [
        <HeaderBar
          title={
            Object {
              "pageTitle": "Home Screen",
            }
          }
        />,
        <LinkButtons
          buttonStyle={
            Object {
              "background": "green",
              "margin": "1em",
              "padding": "1em",
            }
          }
          buttonText="Register"
          link="/register"
        />,
        <LinkButtons
          buttonStyle={
            Object {
              "background": "royalblue",
              "margin": "1em",
              "padding": "1em",
            }
          }
          buttonText="Login"
          link="/login"
        />,
      ],
      "className": "home-page",
    },
    "ref": null,
    "rendered": Array [
      Object {
        "instance": null,
        "key": undefined,
        "nodeType": "class",
        "props": Object {
          "title": Object {
            "pageTitle": "Home Screen",
          },
        },
        "ref": null,
        "rendered": null,
        "type": [Function],
      },
      Object {
        "instance": null,
        "key": undefined,
        "nodeType": "class",
        "props": Object {
          "buttonStyle": Object {
            "background": "green",
            "margin": "1em",
            "padding": "1em",
          },
          "buttonText": "Register",
          "link": "/register",
        },
        "ref": null,
        "rendered": null,
        "type": [Function],
      },
      Object {
        "instance": null,
        "key": undefined,
        "nodeType": "class",
        "props": Object {
          "buttonStyle": Object {
            "background": "royalblue",
            "margin": "1em",
            "padding": "1em",
          },
          "buttonText": "Login",
          "link": "/login",
        },
        "ref": null,
        "rendered": null,
        "type": [Function],
      },
    ],
    "type": "div",
  },
  Symbol(enzyme.__nodes__): Array [
    Object {
      "instance": null,
      "key": undefined,
      "nodeType": "host",
      "props": Object {
        "children": Array [
          <HeaderBar
            title={
              Object {
                "pageTitle": "Home Screen",
              }
            }
          />,
          <LinkButtons
            buttonStyle={
              Object {
                "background": "green",
                "margin": "1em",
                "padding": "1em",
              }
            }
            buttonText="Register"
            link="/register"
          />,
          <LinkButtons
            buttonStyle={
              Object {
                "background": "royalblue",
                "margin": "1em",
                "padding": "1em",
              }
            }
            buttonText="Login"
            link="/login"
          />,
        ],
        "className": "home-page",
      },
      "ref": null,
      "rendered": Array [
        Object {
          "instance": null,
          "key": undefined,
          "nodeType": "class",
          "props": Object {
            "title": Object {
              "pageTitle": "Home Screen",
            },
          },
          "ref": null,
          "rendered": null,
          "type": [Function],
        },
        Object {
          "instance": null,
          "key": undefined,
          "nodeType": "class",
          "props": Object {
            "buttonStyle": Object {
              "background": "green",
              "margin": "1em",
              "padding": "1em",
            },
            "buttonText": "Register",
            "link": "/register",
          },
          "ref": null,
          "rendered": null,
          "type": [Function],
        },
        Object {
          "instance": null,
          "key": undefined,
          "nodeType": "class",
          "props": Object {
            "buttonStyle": Object {
              "background": "royalblue",
              "margin": "1em",
              "padding": "1em",
            },
            "buttonText": "Login",
            "link": "/login",
          },
          "ref": null,
          "rendered": null,
          "type": [Function],
        },
      ],
      "type": "div",
    },
  ],
  Symbol(enzyme.__options__): Object {
    "adapter": ReactSixteenAdapter {
      "options": Object {
        "enableComponentDidUpdateOnSetState": true,
        "lifecycles": Object {
          "componentDidUpdate": Object {
            "onSetState": true,
          },
          "getDerivedStateFromProps": true,
          "getSnapshotBeforeUpdate": true,
          "setState": Object {
            "skipsComponentDidUpdateOnNullish": true,
          },
        },
      },
    },
  },
}
`;
