// Jest Snapshot v1, https://goo.gl/fbAQLP

exports[`MyComponent should render correctly in "debug" mode 1`] = `
ShallowWrapper {
  Symbol(enzyme.__root__): [Circular],
  Symbol(enzyme.__unrendered__): <ResetPassword
    debug={true}
  />,
  Symbol(enzyme.__renderer__): Object {
    "batchedUpdates": [Function],
    "getNode": [Function],
    "render": [Function],
    "simulateError": [Function],
    "simulateEvent": [Function],
    "unmount": [Function],
  },
  Symbol(enzyme.__node__): Object {
    "instance": null,
    "key": undefined,
    "nodeType": "host",
    "props": Object {
      "children": Array [
        <HeaderBar
          title={
            Object {
              "pageTitle": "Password Reset Screen",
            }
          }
        />,
        <div
          style={
            Object {
              "fontSize": "24px",
              "margin": "1em",
            }
          }
        >
          Loading User Data...
        </div>,
      ],
      "id": "user-bg",
    },
    "ref": null,
    "rendered": Array [
      Object {
        "instance": null,
        "key": undefined,
        "nodeType": "class",
        "props": Object {
          "title": Object {
            "pageTitle": "Password Reset Screen",
          },
        },
        "ref": null,
        "rendered": null,
        "type": [Function],
      },
      Object {
        "instance": null,
        "key": undefined,
        "nodeType": "host",
        "props": Object {
          "children": "Loading User Data...",
          "style": Object {
            "fontSize": "24px",
            "margin": "1em",
          },
        },
        "ref": null,
        "rendered": "Loading User Data...",
        "type": "div",
      },
    ],
    "type": "div",
  },
  Symbol(enzyme.__nodes__): Array [
    Object {
      "instance": null,
      "key": undefined,
      "nodeType": "host",
      "props": Object {
        "children": Array [
          <HeaderBar
            title={
              Object {
                "pageTitle": "Password Reset Screen",
              }
            }
          />,
          <div
            style={
              Object {
                "fontSize": "24px",
                "margin": "1em",
              }
            }
          >
            Loading User Data...
          </div>,
        ],
        "id": "user-bg",
      },
      "ref": null,
      "rendered": Array [
        Object {
          "instance": null,
          "key": undefined,
          "nodeType": "class",
          "props": Object {
            "title": Object {
              "pageTitle": "Password Reset Screen",
            },
          },
          "ref": null,
          "rendered": null,
          "type": [Function],
        },
        Object {
          "instance": null,
          "key": undefined,
          "nodeType": "host",
          "props": Object {
            "children": "Loading User Data...",
            "style": Object {
              "fontSize": "24px",
              "margin": "1em",
            },
          },
          "ref": null,
          "rendered": "Loading User Data...",
          "type": "div",
        },
      ],
      "type": "div",
    },
  ],
  Symbol(enzyme.__options__): Object {
    "adapter": ReactSixteenAdapter {
      "options": Object {
        "enableComponentDidUpdateOnSetState": true,
        "lifecycles": Object {
          "componentDidUpdate": Object {
            "onSetState": true,
          },
          "getDerivedStateFromProps": true,
          "getSnapshotBeforeUpdate": true,
          "setState": Object {
            "skipsComponentDidUpdateOnNullish": true,
          },
        },
      },
    },
  },
}
`;
